REGION index=0 latency_ms=301.926
REGION index=1 latency_ms=303.549
REGION index=2 latency_ms=294.209
REGION index=3 latency_ms=295.749
REGION index=4 latency_ms=304.311
REGION index=5 latency_ms=283.042
REGION index=6 latency_ms=350.678
REGION index=7 latency_ms=285.369
REGION index=8 latency_ms=316.081
REGION index=9 latency_ms=323.433
REGION index=10 latency_ms=311.033
REGION index=11 latency_ms=279.773
REGION index=12 latency_ms=279.585
REGION index=13 latency_ms=298.283
REGION index=14 latency_ms=293.300
REGION index=15 latency_ms=310.378
REGION index=16 latency_ms=335.390
REGION index=17 latency_ms=320.018
REGION index=18 latency_ms=306.531
REGION index=19 latency_ms=289.456
REGION index=20 latency_ms=289.696
REGION index=21 latency_ms=284.998
REGION index=22 latency_ms=293.283
REGION index=23 latency_ms=291.559
REGION index=24 latency_ms=301.279
CALLBACK index=0 region=0 samples=16384 interval_ms=301.919 playable_ms=371.519 lateness_ms=0.000
CALLBACK index=1 region=1 samples=16384 interval_ms=303.598 playable_ms=371.519 lateness_ms=0.000
CALLBACK index=2 region=2 samples=16384 interval_ms=294.235 playable_ms=371.519 lateness_ms=0.000
CALLBACK index=3 region=3 samples=16384 interval_ms=295.760 playable_ms=371.519 lateness_ms=0.000
CALLBACK index=4 region=4 samples=16384 interval_ms=304.324 playable_ms=371.519 lateness_ms=0.000
CALLBACK index=5 region=5 samples=16384 interval_ms=283.055 playable_ms=371.519 lateness_ms=0.000
CALLBACK index=6 region=6 samples=16384 interval_ms=350.689 playable_ms=371.519 lateness_ms=0.000
CALLBACK index=7 region=7 samples=16384 interval_ms=285.387 playable_ms=371.519 lateness_ms=0.000
CALLBACK index=8 region=8 samples=16384 interval_ms=316.093 playable_ms=371.519 lateness_ms=0.000
CALLBACK index=9 region=9 samples=16384 interval_ms=323.448 playable_ms=371.519 lateness_ms=0.000
CALLBACK index=10 region=10 samples=16384 interval_ms=311.045 playable_ms=371.519 lateness_ms=0.000
CALLBACK index=11 region=11 samples=16384 interval_ms=279.783 playable_ms=371.519 lateness_ms=0.000
CALLBACK index=12 region=12 samples=16384 interval_ms=279.597 playable_ms=371.519 lateness_ms=0.000
CALLBACK index=13 region=13 samples=16384 interval_ms=298.297 playable_ms=371.519 lateness_ms=0.000
CALLBACK index=14 region=14 samples=16384 interval_ms=293.314 playable_ms=371.519 lateness_ms=0.000
CALLBACK index=15 region=15 samples=16384 interval_ms=310.393 playable_ms=371.519 lateness_ms=0.000
CALLBACK index=16 region=16 samples=16384 interval_ms=335.402 playable_ms=371.519 lateness_ms=0.000
CALLBACK index=17 region=17 samples=16384 interval_ms=320.031 playable_ms=371.519 lateness_ms=0.000
CALLBACK index=18 region=18 samples=16384 interval_ms=306.543 playable_ms=371.519 lateness_ms=0.000
CALLBACK index=19 region=19 samples=16384 interval_ms=289.473 playable_ms=371.519 lateness_ms=0.000
CALLBACK index=20 region=20 samples=16384 interval_ms=289.708 playable_ms=371.519 lateness_ms=0.000
CALLBACK index=21 region=21 samples=16384 interval_ms=285.012 playable_ms=371.519 lateness_ms=0.000
CALLBACK index=22 region=22 samples=16384 interval_ms=293.292 playable_ms=371.519 lateness_ms=0.000
CALLBACK index=23 region=23 samples=16384 interval_ms=291.571 playable_ms=371.519 lateness_ms=0.000
CALLBACK index=24 region=24 samples=16384 interval_ms=301.290 playable_ms=371.519 lateness_ms=0.000
QUALITY max_abs=0.216098238 rmse=0.0255977655 cosine=0.999291538 SNR=28.49 samples=409600 pass=PASS
REGION_STATS median_ms=298.283 p90_ms=322.067 worst_ms=350.678 cv=0.0564
CALLBACK_STATS median_ms=298.297 p90_ms=322.081 worst_ms=350.689 cv=0.0564
STREAM_FINAL frames=32 regions=25 bucket=32 callbacks=25 aggregate_ms=7543.288 cpu_ms=21289.562 audio_ms=9287.982 aggregate_RTF=0.812156 cpu_RTF=2.292162 average_cores=2.822 worst_RTF=0.943903 first_region_ms=301.926 deadline_misses=0 max_lateness_ms=0.000 realtime_pass=PASS checksum=b714ef21686defd1 finite=PASS quality_pass=PASS
