REGION index=0 latency_ms=114.393
REGION index=1 latency_ms=129.854
REGION index=2 latency_ms=143.521
REGION index=3 latency_ms=195.909
REGION index=4 latency_ms=194.390
REGION index=5 latency_ms=225.815
REGION index=6 latency_ms=272.839
REGION index=7 latency_ms=268.017
REGION index=8 latency_ms=297.644
REGION index=9 latency_ms=321.776
REGION index=10 latency_ms=340.946
REGION index=11 latency_ms=347.083
REGION index=12 latency_ms=424.650
REGION index=13 latency_ms=452.626
REGION index=14 latency_ms=443.295
REGION index=15 latency_ms=407.812
REGION index=16 latency_ms=388.967
REGION index=17 latency_ms=364.796
REGION index=18 latency_ms=380.903
REGION index=19 latency_ms=356.136
REGION index=20 latency_ms=350.155
REGION index=21 latency_ms=402.811
REGION index=22 latency_ms=385.218
REGION index=23 latency_ms=351.808
REGION index=24 latency_ms=348.107
CALLBACK index=0 region=0 samples=16384 interval_ms=114.389 playable_ms=371.519 lateness_ms=0.000
CALLBACK index=1 region=1 samples=16384 interval_ms=129.894 playable_ms=371.519 lateness_ms=0.000
CALLBACK index=2 region=2 samples=16384 interval_ms=143.527 playable_ms=371.519 lateness_ms=0.000
CALLBACK index=3 region=3 samples=16384 interval_ms=195.918 playable_ms=371.519 lateness_ms=0.000
CALLBACK index=4 region=4 samples=16384 interval_ms=194.400 playable_ms=371.519 lateness_ms=0.000
CALLBACK index=5 region=5 samples=16384 interval_ms=225.824 playable_ms=371.519 lateness_ms=0.000
CALLBACK index=6 region=6 samples=16384 interval_ms=272.851 playable_ms=371.519 lateness_ms=0.000
CALLBACK index=7 region=7 samples=16384 interval_ms=268.036 playable_ms=371.519 lateness_ms=0.000
CALLBACK index=8 region=8 samples=16384 interval_ms=297.658 playable_ms=371.519 lateness_ms=0.000
CALLBACK index=9 region=9 samples=16384 interval_ms=321.788 playable_ms=371.519 lateness_ms=0.000
CALLBACK index=10 region=10 samples=16384 interval_ms=340.964 playable_ms=371.519 lateness_ms=0.000
CALLBACK index=11 region=11 samples=16384 interval_ms=347.098 playable_ms=371.519 lateness_ms=0.000
CALLBACK index=12 region=12 samples=16384 interval_ms=424.668 playable_ms=371.519 lateness_ms=53.149
CALLBACK index=13 region=13 samples=16384 interval_ms=452.644 playable_ms=371.519 lateness_ms=81.124
CALLBACK index=14 region=14 samples=16384 interval_ms=443.313 playable_ms=371.519 lateness_ms=71.794
CALLBACK index=15 region=15 samples=16384 interval_ms=407.832 playable_ms=371.519 lateness_ms=36.312
CALLBACK index=16 region=16 samples=16384 interval_ms=388.984 playable_ms=371.519 lateness_ms=17.465
CALLBACK index=17 region=17 samples=16384 interval_ms=364.809 playable_ms=371.519 lateness_ms=0.000
CALLBACK index=18 region=18 samples=16384 interval_ms=380.918 playable_ms=371.519 lateness_ms=9.399
CALLBACK index=19 region=19 samples=16384 interval_ms=356.157 playable_ms=371.519 lateness_ms=0.000
CALLBACK index=20 region=20 samples=16384 interval_ms=350.174 playable_ms=371.519 lateness_ms=0.000
CALLBACK index=21 region=21 samples=16384 interval_ms=402.824 playable_ms=371.519 lateness_ms=31.305
CALLBACK index=22 region=22 samples=16384 interval_ms=385.251 playable_ms=371.519 lateness_ms=13.732
CALLBACK index=23 region=23 samples=16384 interval_ms=351.822 playable_ms=371.519 lateness_ms=0.000
CALLBACK index=24 region=24 samples=16384 interval_ms=348.121 playable_ms=371.519 lateness_ms=0.000
QUALITY max_abs=0.216098238 rmse=0.0255977655 cosine=0.999291538 SNR=28.49 samples=409600 pass=PASS
REGION_STATS median_ms=348.107 p90_ms=417.915 worst_ms=452.626 cv=0.3051
CALLBACK_STATS median_ms=348.121 p90_ms=417.934 worst_ms=452.644 cv=0.3051
STREAM_FINAL frames=32 regions=25 bucket=32 callbacks=25 aggregate_ms=7909.882 cpu_ms=29282.817 audio_ms=9287.982 aggregate_RTF=0.851625 cpu_RTF=3.152764 average_cores=3.702 worst_RTF=1.218310 first_region_ms=114.393 deadline_misses=8 max_lateness_ms=81.124 realtime_pass=FAIL checksum=b714ef21686defd1 finite=PASS quality_pass=PASS
