REGION index=0 latency_ms=372.053
REGION index=1 latency_ms=340.630
REGION index=2 latency_ms=297.243
REGION index=3 latency_ms=309.743
REGION index=4 latency_ms=316.544
REGION index=5 latency_ms=329.005
REGION index=6 latency_ms=313.878
REGION index=7 latency_ms=339.528
REGION index=8 latency_ms=340.512
REGION index=9 latency_ms=322.527
REGION index=10 latency_ms=313.761
REGION index=11 latency_ms=321.555
REGION index=12 latency_ms=326.214
REGION index=13 latency_ms=310.574
REGION index=14 latency_ms=311.513
REGION index=15 latency_ms=314.574
REGION index=16 latency_ms=365.955
REGION index=17 latency_ms=343.673
REGION index=18 latency_ms=327.781
REGION index=19 latency_ms=305.845
REGION index=20 latency_ms=316.553
REGION index=21 latency_ms=305.114
REGION index=22 latency_ms=307.647
REGION index=23 latency_ms=309.913
REGION index=24 latency_ms=306.478
CALLBACK index=0 region=0 samples=16384 interval_ms=372.044 playable_ms=371.519 lateness_ms=0.525
CALLBACK index=1 region=1 samples=16384 interval_ms=340.692 playable_ms=371.519 lateness_ms=0.000
CALLBACK index=2 region=2 samples=16384 interval_ms=297.257 playable_ms=371.519 lateness_ms=0.000
CALLBACK index=3 region=3 samples=16384 interval_ms=309.755 playable_ms=371.519 lateness_ms=0.000
CALLBACK index=4 region=4 samples=16384 interval_ms=316.558 playable_ms=371.519 lateness_ms=0.000
CALLBACK index=5 region=5 samples=16384 interval_ms=329.014 playable_ms=371.519 lateness_ms=0.000
CALLBACK index=6 region=6 samples=16384 interval_ms=313.900 playable_ms=371.519 lateness_ms=0.000
CALLBACK index=7 region=7 samples=16384 interval_ms=339.540 playable_ms=371.519 lateness_ms=0.000
CALLBACK index=8 region=8 samples=16384 interval_ms=340.529 playable_ms=371.519 lateness_ms=0.000
CALLBACK index=9 region=9 samples=16384 interval_ms=322.544 playable_ms=371.519 lateness_ms=0.000
CALLBACK index=10 region=10 samples=16384 interval_ms=313.772 playable_ms=371.519 lateness_ms=0.000
CALLBACK index=11 region=11 samples=16384 interval_ms=321.564 playable_ms=371.519 lateness_ms=0.000
CALLBACK index=12 region=12 samples=16384 interval_ms=326.226 playable_ms=371.519 lateness_ms=0.000
CALLBACK index=13 region=13 samples=16384 interval_ms=310.587 playable_ms=371.519 lateness_ms=0.000
CALLBACK index=14 region=14 samples=16384 interval_ms=311.523 playable_ms=371.519 lateness_ms=0.000
CALLBACK index=15 region=15 samples=16384 interval_ms=314.584 playable_ms=371.519 lateness_ms=0.000
CALLBACK index=16 region=16 samples=16384 interval_ms=365.969 playable_ms=371.519 lateness_ms=0.000
CALLBACK index=17 region=17 samples=16384 interval_ms=343.672 playable_ms=371.519 lateness_ms=0.000
CALLBACK index=18 region=18 samples=16384 interval_ms=327.808 playable_ms=371.519 lateness_ms=0.000
CALLBACK index=19 region=19 samples=16384 interval_ms=305.857 playable_ms=371.519 lateness_ms=0.000
CALLBACK index=20 region=20 samples=16384 interval_ms=316.568 playable_ms=371.519 lateness_ms=0.000
CALLBACK index=21 region=21 samples=16384 interval_ms=305.130 playable_ms=371.519 lateness_ms=0.000
CALLBACK index=22 region=22 samples=16384 interval_ms=307.660 playable_ms=371.519 lateness_ms=0.000
CALLBACK index=23 region=23 samples=16384 interval_ms=309.918 playable_ms=371.519 lateness_ms=0.000
CALLBACK index=24 region=24 samples=16384 interval_ms=306.498 playable_ms=371.519 lateness_ms=0.000
QUALITY max_abs=0.383429706 rmse=0.0222295823 cosine=0.999465810 SNR=29.71 samples=409600 pass=PASS
REGION_STATS median_ms=316.544 p90_ms=342.456 worst_ms=372.053 cv=0.0567
CALLBACK_STATS median_ms=316.558 p90_ms=342.480 worst_ms=372.044 cv=0.0567
STREAM_FINAL frames=32 regions=25 bucket=32 callbacks=25 aggregate_ms=8069.190 cpu_ms=30229.093 audio_ms=9287.982 aggregate_RTF=0.868778 cpu_RTF=3.254646 average_cores=3.746 worst_RTF=1.001437 first_region_ms=372.053 deadline_misses=1 max_lateness_ms=0.525 realtime_pass=FAIL checksum=9869153f18e68a52 finite=PASS quality_pass=PASS
