REGION index=0 latency_ms=333.552
REGION index=1 latency_ms=334.030
REGION index=2 latency_ms=331.017
REGION index=3 latency_ms=337.011
REGION index=4 latency_ms=335.037
REGION index=5 latency_ms=337.557
REGION index=6 latency_ms=363.177
REGION index=7 latency_ms=338.738
REGION index=8 latency_ms=337.511
REGION index=9 latency_ms=328.526
REGION index=10 latency_ms=330.566
REGION index=11 latency_ms=325.269
REGION index=12 latency_ms=321.697
REGION index=13 latency_ms=323.545
REGION index=14 latency_ms=319.059
REGION index=15 latency_ms=359.785
REGION index=16 latency_ms=327.479
REGION index=17 latency_ms=326.497
REGION index=18 latency_ms=329.521
REGION index=19 latency_ms=330.465
REGION index=20 latency_ms=339.834
REGION index=21 latency_ms=323.959
REGION index=22 latency_ms=313.878
REGION index=23 latency_ms=317.689
REGION index=24 latency_ms=346.831
CALLBACK index=0 region=0 samples=16384 interval_ms=333.544 playable_ms=371.519 lateness_ms=0.000
CALLBACK index=1 region=1 samples=16384 interval_ms=334.087 playable_ms=371.519 lateness_ms=0.000
CALLBACK index=2 region=2 samples=16384 interval_ms=331.030 playable_ms=371.519 lateness_ms=0.000
CALLBACK index=3 region=3 samples=16384 interval_ms=337.026 playable_ms=371.519 lateness_ms=0.000
CALLBACK index=4 region=4 samples=16384 interval_ms=335.048 playable_ms=371.519 lateness_ms=0.000
CALLBACK index=5 region=5 samples=16384 interval_ms=337.570 playable_ms=371.519 lateness_ms=0.000
CALLBACK index=6 region=6 samples=16384 interval_ms=363.187 playable_ms=371.519 lateness_ms=0.000
CALLBACK index=7 region=7 samples=16384 interval_ms=338.758 playable_ms=371.519 lateness_ms=0.000
CALLBACK index=8 region=8 samples=16384 interval_ms=337.524 playable_ms=371.519 lateness_ms=0.000
CALLBACK index=9 region=9 samples=16384 interval_ms=328.540 playable_ms=371.519 lateness_ms=0.000
CALLBACK index=10 region=10 samples=16384 interval_ms=330.578 playable_ms=371.519 lateness_ms=0.000
CALLBACK index=11 region=11 samples=16384 interval_ms=325.281 playable_ms=371.519 lateness_ms=0.000
CALLBACK index=12 region=12 samples=16384 interval_ms=321.709 playable_ms=371.519 lateness_ms=0.000
CALLBACK index=13 region=13 samples=16384 interval_ms=323.558 playable_ms=371.519 lateness_ms=0.000
CALLBACK index=14 region=14 samples=16384 interval_ms=319.072 playable_ms=371.519 lateness_ms=0.000
CALLBACK index=15 region=15 samples=16384 interval_ms=359.798 playable_ms=371.519 lateness_ms=0.000
CALLBACK index=16 region=16 samples=16384 interval_ms=327.492 playable_ms=371.519 lateness_ms=0.000
CALLBACK index=17 region=17 samples=16384 interval_ms=326.509 playable_ms=371.519 lateness_ms=0.000
CALLBACK index=18 region=18 samples=16384 interval_ms=329.533 playable_ms=371.519 lateness_ms=0.000
CALLBACK index=19 region=19 samples=16384 interval_ms=330.484 playable_ms=371.519 lateness_ms=0.000
CALLBACK index=20 region=20 samples=16384 interval_ms=339.851 playable_ms=371.519 lateness_ms=0.000
CALLBACK index=21 region=21 samples=16384 interval_ms=323.971 playable_ms=371.519 lateness_ms=0.000
CALLBACK index=22 region=22 samples=16384 interval_ms=313.889 playable_ms=371.519 lateness_ms=0.000
CALLBACK index=23 region=23 samples=16384 interval_ms=317.699 playable_ms=371.519 lateness_ms=0.000
CALLBACK index=24 region=24 samples=16384 interval_ms=346.846 playable_ms=371.519 lateness_ms=0.000
QUALITY max_abs=0.383429706 rmse=0.0222295823 cosine=0.999465810 SNR=29.71 samples=409600 pass=PASS
REGION_STATS median_ms=330.566 p90_ms=344.033 worst_ms=363.177 cv=0.0342
CALLBACK_STATS median_ms=330.578 p90_ms=344.048 worst_ms=363.187 cv=0.0342
STREAM_FINAL frames=32 regions=25 bucket=32 callbacks=25 aggregate_ms=8312.605 cpu_ms=31018.337 audio_ms=9287.982 aggregate_RTF=0.894985 cpu_RTF=3.339621 average_cores=3.731 worst_RTF=0.977545 first_region_ms=333.552 deadline_misses=0 max_lateness_ms=0.000 realtime_pass=PASS checksum=9869153f18e68a52 finite=PASS quality_pass=PASS
