REGION index=0 latency_ms=363.877
REGION index=1 latency_ms=334.246
REGION index=2 latency_ms=332.246
REGION index=3 latency_ms=330.563
REGION index=4 latency_ms=321.430
REGION index=5 latency_ms=329.823
REGION index=6 latency_ms=328.616
REGION index=7 latency_ms=322.433
REGION index=8 latency_ms=368.911
REGION index=9 latency_ms=358.097
REGION index=10 latency_ms=340.630
REGION index=11 latency_ms=343.798
REGION index=12 latency_ms=338.051
REGION index=13 latency_ms=330.257
REGION index=14 latency_ms=323.240
REGION index=15 latency_ms=313.629
REGION index=16 latency_ms=319.844
REGION index=17 latency_ms=359.769
REGION index=18 latency_ms=357.614
REGION index=19 latency_ms=347.394
REGION index=20 latency_ms=328.546
REGION index=21 latency_ms=322.693
REGION index=22 latency_ms=319.439
REGION index=23 latency_ms=330.689
REGION index=24 latency_ms=321.144
CALLBACK index=0 region=0 samples=16384 interval_ms=363.870 playable_ms=371.519 lateness_ms=0.000
CALLBACK index=1 region=1 samples=16384 interval_ms=334.315 playable_ms=371.519 lateness_ms=0.000
CALLBACK index=2 region=2 samples=16384 interval_ms=332.259 playable_ms=371.519 lateness_ms=0.000
CALLBACK index=3 region=3 samples=16384 interval_ms=330.579 playable_ms=371.519 lateness_ms=0.000
CALLBACK index=4 region=4 samples=16384 interval_ms=321.441 playable_ms=371.519 lateness_ms=0.000
CALLBACK index=5 region=5 samples=16384 interval_ms=329.836 playable_ms=371.519 lateness_ms=0.000
CALLBACK index=6 region=6 samples=16384 interval_ms=328.630 playable_ms=371.519 lateness_ms=0.000
CALLBACK index=7 region=7 samples=16384 interval_ms=322.446 playable_ms=371.519 lateness_ms=0.000
CALLBACK index=8 region=8 samples=16384 interval_ms=368.924 playable_ms=371.519 lateness_ms=0.000
CALLBACK index=9 region=9 samples=16384 interval_ms=358.112 playable_ms=371.519 lateness_ms=0.000
CALLBACK index=10 region=10 samples=16384 interval_ms=340.641 playable_ms=371.519 lateness_ms=0.000
CALLBACK index=11 region=11 samples=16384 interval_ms=343.816 playable_ms=371.519 lateness_ms=0.000
CALLBACK index=12 region=12 samples=16384 interval_ms=338.063 playable_ms=371.519 lateness_ms=0.000
CALLBACK index=13 region=13 samples=16384 interval_ms=330.268 playable_ms=371.519 lateness_ms=0.000
CALLBACK index=14 region=14 samples=16384 interval_ms=323.264 playable_ms=371.519 lateness_ms=0.000
CALLBACK index=15 region=15 samples=16384 interval_ms=313.642 playable_ms=371.519 lateness_ms=0.000
CALLBACK index=16 region=16 samples=16384 interval_ms=319.853 playable_ms=371.519 lateness_ms=0.000
CALLBACK index=17 region=17 samples=16384 interval_ms=359.782 playable_ms=371.519 lateness_ms=0.000
CALLBACK index=18 region=18 samples=16384 interval_ms=357.636 playable_ms=371.519 lateness_ms=0.000
CALLBACK index=19 region=19 samples=16384 interval_ms=347.422 playable_ms=371.519 lateness_ms=0.000
CALLBACK index=20 region=20 samples=16384 interval_ms=328.560 playable_ms=371.519 lateness_ms=0.000
CALLBACK index=21 region=21 samples=16384 interval_ms=322.717 playable_ms=371.519 lateness_ms=0.000
CALLBACK index=22 region=22 samples=16384 interval_ms=319.448 playable_ms=371.519 lateness_ms=0.000
CALLBACK index=23 region=23 samples=16384 interval_ms=330.707 playable_ms=371.519 lateness_ms=0.000
CALLBACK index=24 region=24 samples=16384 interval_ms=321.157 playable_ms=371.519 lateness_ms=0.000
QUALITY max_abs=0.135429204 rmse=0.0169802097 cosine=0.999688334 SNR=32.05 samples=409600 pass=PASS
REGION_STATS median_ms=330.563 p90_ms=359.100 worst_ms=368.911 cv=0.0456
CALLBACK_STATS median_ms=330.579 p90_ms=359.114 worst_ms=368.924 cv=0.0455
STREAM_FINAL frames=32 regions=25 bucket=32 callbacks=25 aggregate_ms=8387.406 cpu_ms=31797.986 audio_ms=9287.982 aggregate_RTF=0.903039 cpu_RTF=3.423562 average_cores=3.791 worst_RTF=0.992979 first_region_ms=363.877 deadline_misses=0 max_lateness_ms=0.000 realtime_pass=PASS checksum=87bd6782c62a3fa0 finite=PASS quality_pass=PASS
