REGION index=0 latency_ms=349.032
REGION index=1 latency_ms=341.538
REGION index=2 latency_ms=329.779
REGION index=3 latency_ms=321.503
REGION index=4 latency_ms=327.891
REGION index=5 latency_ms=336.256
REGION index=6 latency_ms=363.940
REGION index=7 latency_ms=358.841
REGION index=8 latency_ms=346.497
REGION index=9 latency_ms=361.929
REGION index=10 latency_ms=328.476
REGION index=11 latency_ms=323.772
REGION index=12 latency_ms=359.052
REGION index=13 latency_ms=335.424
REGION index=14 latency_ms=334.958
REGION index=15 latency_ms=374.469
REGION index=16 latency_ms=344.425
REGION index=17 latency_ms=347.352
REGION index=18 latency_ms=341.283
REGION index=19 latency_ms=327.485
REGION index=20 latency_ms=326.232
REGION index=21 latency_ms=335.247
REGION index=22 latency_ms=328.595
REGION index=23 latency_ms=324.243
REGION index=24 latency_ms=370.963
CALLBACK index=0 region=0 samples=16384 interval_ms=349.025 playable_ms=371.519 lateness_ms=0.000
CALLBACK index=1 region=1 samples=16384 interval_ms=341.622 playable_ms=371.519 lateness_ms=0.000
CALLBACK index=2 region=2 samples=16384 interval_ms=329.792 playable_ms=371.519 lateness_ms=0.000
CALLBACK index=3 region=3 samples=16384 interval_ms=321.517 playable_ms=371.519 lateness_ms=0.000
CALLBACK index=4 region=4 samples=16384 interval_ms=327.904 playable_ms=371.519 lateness_ms=0.000
CALLBACK index=5 region=5 samples=16384 interval_ms=336.269 playable_ms=371.519 lateness_ms=0.000
CALLBACK index=6 region=6 samples=16384 interval_ms=363.954 playable_ms=371.519 lateness_ms=0.000
CALLBACK index=7 region=7 samples=16384 interval_ms=358.857 playable_ms=371.519 lateness_ms=0.000
CALLBACK index=8 region=8 samples=16384 interval_ms=346.509 playable_ms=371.519 lateness_ms=0.000
CALLBACK index=9 region=9 samples=16384 interval_ms=361.943 playable_ms=371.519 lateness_ms=0.000
CALLBACK index=10 region=10 samples=16384 interval_ms=328.490 playable_ms=371.519 lateness_ms=0.000
CALLBACK index=11 region=11 samples=16384 interval_ms=323.784 playable_ms=371.519 lateness_ms=0.000
CALLBACK index=12 region=12 samples=16384 interval_ms=359.064 playable_ms=371.519 lateness_ms=0.000
CALLBACK index=13 region=13 samples=16384 interval_ms=335.437 playable_ms=371.519 lateness_ms=0.000
CALLBACK index=14 region=14 samples=16384 interval_ms=334.972 playable_ms=371.519 lateness_ms=0.000
CALLBACK index=15 region=15 samples=16384 interval_ms=374.487 playable_ms=371.519 lateness_ms=2.967
CALLBACK index=16 region=16 samples=16384 interval_ms=344.438 playable_ms=371.519 lateness_ms=0.000
CALLBACK index=17 region=17 samples=16384 interval_ms=347.367 playable_ms=371.519 lateness_ms=0.000
CALLBACK index=18 region=18 samples=16384 interval_ms=341.295 playable_ms=371.519 lateness_ms=0.000
CALLBACK index=19 region=19 samples=16384 interval_ms=327.499 playable_ms=371.519 lateness_ms=0.000
CALLBACK index=20 region=20 samples=16384 interval_ms=326.249 playable_ms=371.519 lateness_ms=0.000
CALLBACK index=21 region=21 samples=16384 interval_ms=335.259 playable_ms=371.519 lateness_ms=0.000
CALLBACK index=22 region=22 samples=16384 interval_ms=328.610 playable_ms=371.519 lateness_ms=0.000
CALLBACK index=23 region=23 samples=16384 interval_ms=324.263 playable_ms=371.519 lateness_ms=0.000
CALLBACK index=24 region=24 samples=16384 interval_ms=370.975 playable_ms=371.519 lateness_ms=0.000
QUALITY max_abs=0.135429204 rmse=0.0169802097 cosine=0.999688334 SNR=32.05 samples=409600 pass=PASS
REGION_STATS median_ms=336.256 p90_ms=363.136 worst_ms=374.469 cv=0.0448
CALLBACK_STATS median_ms=336.269 p90_ms=363.150 worst_ms=374.487 cv=0.0448
STREAM_FINAL frames=32 regions=25 bucket=32 callbacks=25 aggregate_ms=8539.603 cpu_ms=32088.031 audio_ms=9287.982 aggregate_RTF=0.919425 cpu_RTF=3.454790 average_cores=3.758 worst_RTF=1.007939 first_region_ms=349.032 deadline_misses=1 max_lateness_ms=2.967 realtime_pass=FAIL checksum=87bd6782c62a3fa0 finite=PASS quality_pass=PASS
