REGION index=0 latency_ms=288.452
REGION index=1 latency_ms=295.953
REGION index=2 latency_ms=291.170
REGION index=3 latency_ms=297.137
REGION index=4 latency_ms=294.130
REGION index=5 latency_ms=288.753
REGION index=6 latency_ms=340.347
REGION index=7 latency_ms=309.145
REGION index=8 latency_ms=291.315
REGION index=9 latency_ms=280.894
REGION index=10 latency_ms=292.782
REGION index=11 latency_ms=305.921
REGION index=12 latency_ms=290.719
REGION index=13 latency_ms=291.675
REGION index=14 latency_ms=283.087
REGION index=15 latency_ms=287.165
REGION index=16 latency_ms=323.739
REGION index=17 latency_ms=302.561
REGION index=18 latency_ms=290.366
REGION index=19 latency_ms=295.454
REGION index=20 latency_ms=296.440
REGION index=21 latency_ms=282.043
REGION index=22 latency_ms=281.240
REGION index=23 latency_ms=284.547
REGION index=24 latency_ms=291.765
CALLBACK index=0 region=0 samples=16384 interval_ms=288.447 playable_ms=371.519 lateness_ms=0.000
CALLBACK index=1 region=1 samples=16384 interval_ms=296.002 playable_ms=371.519 lateness_ms=0.000
CALLBACK index=2 region=2 samples=16384 interval_ms=291.181 playable_ms=371.519 lateness_ms=0.000
CALLBACK index=3 region=3 samples=16384 interval_ms=297.150 playable_ms=371.519 lateness_ms=0.000
CALLBACK index=4 region=4 samples=16384 interval_ms=294.140 playable_ms=371.519 lateness_ms=0.000
CALLBACK index=5 region=5 samples=16384 interval_ms=288.768 playable_ms=371.519 lateness_ms=0.000
CALLBACK index=6 region=6 samples=16384 interval_ms=340.358 playable_ms=371.519 lateness_ms=0.000
CALLBACK index=7 region=7 samples=16384 interval_ms=309.163 playable_ms=371.519 lateness_ms=0.000
CALLBACK index=8 region=8 samples=16384 interval_ms=291.328 playable_ms=371.519 lateness_ms=0.000
CALLBACK index=9 region=9 samples=16384 interval_ms=280.906 playable_ms=371.519 lateness_ms=0.000
CALLBACK index=10 region=10 samples=16384 interval_ms=292.798 playable_ms=371.519 lateness_ms=0.000
CALLBACK index=11 region=11 samples=16384 interval_ms=305.933 playable_ms=371.519 lateness_ms=0.000
CALLBACK index=12 region=12 samples=16384 interval_ms=290.731 playable_ms=371.519 lateness_ms=0.000
CALLBACK index=13 region=13 samples=16384 interval_ms=291.694 playable_ms=371.519 lateness_ms=0.000
CALLBACK index=14 region=14 samples=16384 interval_ms=283.100 playable_ms=371.519 lateness_ms=0.000
CALLBACK index=15 region=15 samples=16384 interval_ms=287.176 playable_ms=371.519 lateness_ms=0.000
CALLBACK index=16 region=16 samples=16384 interval_ms=323.754 playable_ms=371.519 lateness_ms=0.000
CALLBACK index=17 region=17 samples=16384 interval_ms=302.578 playable_ms=371.519 lateness_ms=0.000
CALLBACK index=18 region=18 samples=16384 interval_ms=290.380 playable_ms=371.519 lateness_ms=0.000
CALLBACK index=19 region=19 samples=16384 interval_ms=295.465 playable_ms=371.519 lateness_ms=0.000
CALLBACK index=20 region=20 samples=16384 interval_ms=296.460 playable_ms=371.519 lateness_ms=0.000
CALLBACK index=21 region=21 samples=16384 interval_ms=282.069 playable_ms=371.519 lateness_ms=0.000
CALLBACK index=22 region=22 samples=16384 interval_ms=281.250 playable_ms=371.519 lateness_ms=0.000
CALLBACK index=23 region=23 samples=16384 interval_ms=284.565 playable_ms=371.519 lateness_ms=0.000
CALLBACK index=24 region=24 samples=16384 interval_ms=291.777 playable_ms=371.519 lateness_ms=0.000
QUALITY max_abs=0.216098238 rmse=0.0255977655 cosine=0.999291538 SNR=28.49 samples=409600 pass=PASS
REGION_STATS median_ms=291.675 p90_ms=307.855 worst_ms=340.347 cv=0.0445
CALLBACK_STATS median_ms=291.694 p90_ms=307.871 worst_ms=340.358 cv=0.0445
STREAM_FINAL frames=32 regions=25 bucket=32 callbacks=25 aggregate_ms=7377.193 cpu_ms=26358.409 audio_ms=9287.982 aggregate_RTF=0.794273 cpu_RTF=2.837905 average_cores=3.573 worst_RTF=0.916095 first_region_ms=288.452 deadline_misses=0 max_lateness_ms=0.000 realtime_pass=PASS checksum=b714ef21686defd1 finite=PASS quality_pass=PASS
