REGION index=0 latency_ms=352.094
REGION index=1 latency_ms=313.912
REGION index=2 latency_ms=314.712
REGION index=3 latency_ms=304.442
REGION index=4 latency_ms=303.525
REGION index=5 latency_ms=310.600
REGION index=6 latency_ms=305.465
REGION index=7 latency_ms=315.399
REGION index=8 latency_ms=316.417
REGION index=9 latency_ms=297.970
REGION index=10 latency_ms=315.049
REGION index=11 latency_ms=305.799
REGION index=12 latency_ms=309.449
REGION index=13 latency_ms=312.465
REGION index=14 latency_ms=308.544
REGION index=15 latency_ms=296.244
REGION index=16 latency_ms=293.273
REGION index=17 latency_ms=295.761
REGION index=18 latency_ms=295.036
REGION index=19 latency_ms=294.108
REGION index=20 latency_ms=317.716
REGION index=21 latency_ms=318.252
REGION index=22 latency_ms=313.465
REGION index=23 latency_ms=286.060
REGION index=24 latency_ms=291.873
CALLBACK index=0 region=0 samples=16384 interval_ms=352.086 playable_ms=371.519 lateness_ms=0.000
CALLBACK index=1 region=1 samples=16384 interval_ms=313.957 playable_ms=371.519 lateness_ms=0.000
CALLBACK index=2 region=2 samples=16384 interval_ms=314.726 playable_ms=371.519 lateness_ms=0.000
CALLBACK index=3 region=3 samples=16384 interval_ms=304.454 playable_ms=371.519 lateness_ms=0.000
CALLBACK index=4 region=4 samples=16384 interval_ms=303.537 playable_ms=371.519 lateness_ms=0.000
CALLBACK index=5 region=5 samples=16384 interval_ms=310.613 playable_ms=371.519 lateness_ms=0.000
CALLBACK index=6 region=6 samples=16384 interval_ms=305.479 playable_ms=371.519 lateness_ms=0.000
CALLBACK index=7 region=7 samples=16384 interval_ms=315.415 playable_ms=371.519 lateness_ms=0.000
CALLBACK index=8 region=8 samples=16384 interval_ms=316.430 playable_ms=371.519 lateness_ms=0.000
CALLBACK index=9 region=9 samples=16384 interval_ms=297.981 playable_ms=371.519 lateness_ms=0.000
CALLBACK index=10 region=10 samples=16384 interval_ms=315.059 playable_ms=371.519 lateness_ms=0.000
CALLBACK index=11 region=11 samples=16384 interval_ms=305.811 playable_ms=371.519 lateness_ms=0.000
CALLBACK index=12 region=12 samples=16384 interval_ms=309.469 playable_ms=371.519 lateness_ms=0.000
CALLBACK index=13 region=13 samples=16384 interval_ms=312.479 playable_ms=371.519 lateness_ms=0.000
CALLBACK index=14 region=14 samples=16384 interval_ms=308.558 playable_ms=371.519 lateness_ms=0.000
CALLBACK index=15 region=15 samples=16384 interval_ms=296.257 playable_ms=371.519 lateness_ms=0.000
CALLBACK index=16 region=16 samples=16384 interval_ms=293.287 playable_ms=371.519 lateness_ms=0.000
CALLBACK index=17 region=17 samples=16384 interval_ms=295.773 playable_ms=371.519 lateness_ms=0.000
CALLBACK index=18 region=18 samples=16384 interval_ms=295.049 playable_ms=371.519 lateness_ms=0.000
CALLBACK index=19 region=19 samples=16384 interval_ms=294.121 playable_ms=371.519 lateness_ms=0.000
CALLBACK index=20 region=20 samples=16384 interval_ms=317.727 playable_ms=371.519 lateness_ms=0.000
CALLBACK index=21 region=21 samples=16384 interval_ms=318.262 playable_ms=371.519 lateness_ms=0.000
CALLBACK index=22 region=22 samples=16384 interval_ms=313.485 playable_ms=371.519 lateness_ms=0.000
CALLBACK index=23 region=23 samples=16384 interval_ms=286.071 playable_ms=371.519 lateness_ms=0.000
CALLBACK index=24 region=24 samples=16384 interval_ms=291.887 playable_ms=371.519 lateness_ms=0.000
QUALITY max_abs=0.216098238 rmse=0.0255977655 cosine=0.999291538 SNR=28.49 samples=409600 pass=PASS
REGION_STATS median_ms=308.544 p90_ms=317.197 worst_ms=352.094 cv=0.0422
CALLBACK_STATS median_ms=308.558 p90_ms=317.208 worst_ms=352.086 cv=0.0422
STREAM_FINAL frames=32 regions=25 bucket=32 callbacks=25 aggregate_ms=7687.998 cpu_ms=27467.571 audio_ms=9287.982 aggregate_RTF=0.827736 cpu_RTF=2.957324 average_cores=3.573 worst_RTF=0.947715 first_region_ms=352.094 deadline_misses=0 max_lateness_ms=0.000 realtime_pass=PASS checksum=b714ef21686defd1 finite=PASS quality_pass=PASS
