REGION index=0 latency_ms=326.390
REGION index=1 latency_ms=319.013
REGION index=2 latency_ms=314.230
REGION index=3 latency_ms=360.978
REGION index=4 latency_ms=342.580
REGION index=5 latency_ms=323.800
REGION index=6 latency_ms=332.208
REGION index=7 latency_ms=324.293
REGION index=8 latency_ms=316.362
REGION index=9 latency_ms=308.204
REGION index=10 latency_ms=321.515
REGION index=11 latency_ms=323.701
REGION index=12 latency_ms=338.211
REGION index=13 latency_ms=361.608
REGION index=14 latency_ms=332.768
REGION index=15 latency_ms=348.786
REGION index=16 latency_ms=323.110
REGION index=17 latency_ms=309.777
REGION index=18 latency_ms=320.266
REGION index=19 latency_ms=324.661
REGION index=20 latency_ms=316.251
REGION index=21 latency_ms=336.724
REGION index=22 latency_ms=349.409
REGION index=23 latency_ms=332.739
REGION index=24 latency_ms=332.170
CALLBACK index=0 region=0 samples=16384 interval_ms=326.380 playable_ms=371.519 lateness_ms=0.000
CALLBACK index=1 region=1 samples=16384 interval_ms=319.083 playable_ms=371.519 lateness_ms=0.000
CALLBACK index=2 region=2 samples=16384 interval_ms=314.241 playable_ms=371.519 lateness_ms=0.000
CALLBACK index=3 region=3 samples=16384 interval_ms=360.998 playable_ms=371.519 lateness_ms=0.000
CALLBACK index=4 region=4 samples=16384 interval_ms=342.591 playable_ms=371.519 lateness_ms=0.000
CALLBACK index=5 region=5 samples=16384 interval_ms=323.814 playable_ms=371.519 lateness_ms=0.000
CALLBACK index=6 region=6 samples=16384 interval_ms=332.221 playable_ms=371.519 lateness_ms=0.000
CALLBACK index=7 region=7 samples=16384 interval_ms=324.306 playable_ms=371.519 lateness_ms=0.000
CALLBACK index=8 region=8 samples=16384 interval_ms=316.377 playable_ms=371.519 lateness_ms=0.000
CALLBACK index=9 region=9 samples=16384 interval_ms=308.222 playable_ms=371.519 lateness_ms=0.000
CALLBACK index=10 region=10 samples=16384 interval_ms=321.528 playable_ms=371.519 lateness_ms=0.000
CALLBACK index=11 region=11 samples=16384 interval_ms=323.719 playable_ms=371.519 lateness_ms=0.000
CALLBACK index=12 region=12 samples=16384 interval_ms=338.223 playable_ms=371.519 lateness_ms=0.000
CALLBACK index=13 region=13 samples=16384 interval_ms=361.622 playable_ms=371.519 lateness_ms=0.000
CALLBACK index=14 region=14 samples=16384 interval_ms=332.783 playable_ms=371.519 lateness_ms=0.000
CALLBACK index=15 region=15 samples=16384 interval_ms=348.801 playable_ms=371.519 lateness_ms=0.000
CALLBACK index=16 region=16 samples=16384 interval_ms=323.122 playable_ms=371.519 lateness_ms=0.000
CALLBACK index=17 region=17 samples=16384 interval_ms=309.792 playable_ms=371.519 lateness_ms=0.000
CALLBACK index=18 region=18 samples=16384 interval_ms=320.279 playable_ms=371.519 lateness_ms=0.000
CALLBACK index=19 region=19 samples=16384 interval_ms=324.675 playable_ms=371.519 lateness_ms=0.000
CALLBACK index=20 region=20 samples=16384 interval_ms=316.263 playable_ms=371.519 lateness_ms=0.000
CALLBACK index=21 region=21 samples=16384 interval_ms=336.736 playable_ms=371.519 lateness_ms=0.000
CALLBACK index=22 region=22 samples=16384 interval_ms=349.434 playable_ms=371.519 lateness_ms=0.000
CALLBACK index=23 region=23 samples=16384 interval_ms=332.751 playable_ms=371.519 lateness_ms=0.000
CALLBACK index=24 region=24 samples=16384 interval_ms=332.190 playable_ms=371.519 lateness_ms=0.000
QUALITY max_abs=0.383429706 rmse=0.0222295823 cosine=0.999465810 SNR=29.71 samples=409600 pass=PASS
REGION_STATS median_ms=324.661 p90_ms=349.160 worst_ms=361.608 cv=0.0428
CALLBACK_STATS median_ms=324.675 p90_ms=349.181 worst_ms=361.622 cv=0.0428
STREAM_FINAL frames=32 regions=25 bucket=32 callbacks=25 aggregate_ms=8240.167 cpu_ms=30568.330 audio_ms=9287.982 aggregate_RTF=0.887186 cpu_RTF=3.291170 average_cores=3.710 worst_RTF=0.973321 first_region_ms=326.390 deadline_misses=0 max_lateness_ms=0.000 realtime_pass=PASS checksum=9869153f18e68a52 finite=PASS quality_pass=PASS
