REGION index=0 latency_ms=350.569
REGION index=1 latency_ms=355.038
REGION index=2 latency_ms=447.004
REGION index=3 latency_ms=394.029
REGION index=4 latency_ms=363.912
REGION index=5 latency_ms=368.126
REGION index=6 latency_ms=351.958
REGION index=7 latency_ms=346.028
REGION index=8 latency_ms=337.697
REGION index=9 latency_ms=340.365
REGION index=10 latency_ms=390.634
REGION index=11 latency_ms=374.133
REGION index=12 latency_ms=367.585
REGION index=13 latency_ms=350.345
REGION index=14 latency_ms=371.137
REGION index=15 latency_ms=366.276
REGION index=16 latency_ms=382.926
REGION index=17 latency_ms=365.176
REGION index=18 latency_ms=435.533
REGION index=19 latency_ms=383.172
REGION index=20 latency_ms=371.936
REGION index=21 latency_ms=360.947
REGION index=22 latency_ms=358.700
REGION index=23 latency_ms=374.960
REGION index=24 latency_ms=332.620
CALLBACK index=0 region=0 samples=16384 interval_ms=350.562 playable_ms=371.519 lateness_ms=0.000
CALLBACK index=1 region=1 samples=16384 interval_ms=355.095 playable_ms=371.519 lateness_ms=0.000
CALLBACK index=2 region=2 samples=16384 interval_ms=447.018 playable_ms=371.519 lateness_ms=75.499
CALLBACK index=3 region=3 samples=16384 interval_ms=394.043 playable_ms=371.519 lateness_ms=22.524
CALLBACK index=4 region=4 samples=16384 interval_ms=363.926 playable_ms=371.519 lateness_ms=0.000
CALLBACK index=5 region=5 samples=16384 interval_ms=368.138 playable_ms=371.519 lateness_ms=0.000
CALLBACK index=6 region=6 samples=16384 interval_ms=351.970 playable_ms=371.519 lateness_ms=0.000
CALLBACK index=7 region=7 samples=16384 interval_ms=346.047 playable_ms=371.519 lateness_ms=0.000
CALLBACK index=8 region=8 samples=16384 interval_ms=337.709 playable_ms=371.519 lateness_ms=0.000
CALLBACK index=9 region=9 samples=16384 interval_ms=340.376 playable_ms=371.519 lateness_ms=0.000
CALLBACK index=10 region=10 samples=16384 interval_ms=390.650 playable_ms=371.519 lateness_ms=19.131
CALLBACK index=11 region=11 samples=16384 interval_ms=374.147 playable_ms=371.519 lateness_ms=2.628
CALLBACK index=12 region=12 samples=16384 interval_ms=367.599 playable_ms=371.519 lateness_ms=0.000
CALLBACK index=13 region=13 samples=16384 interval_ms=350.357 playable_ms=371.519 lateness_ms=0.000
CALLBACK index=14 region=14 samples=16384 interval_ms=371.151 playable_ms=371.519 lateness_ms=0.000
CALLBACK index=15 region=15 samples=16384 interval_ms=366.293 playable_ms=371.519 lateness_ms=0.000
CALLBACK index=16 region=16 samples=16384 interval_ms=382.940 playable_ms=371.519 lateness_ms=11.421
CALLBACK index=17 region=17 samples=16384 interval_ms=365.193 playable_ms=371.519 lateness_ms=0.000
CALLBACK index=18 region=18 samples=16384 interval_ms=435.548 playable_ms=371.519 lateness_ms=64.029
CALLBACK index=19 region=19 samples=16384 interval_ms=383.187 playable_ms=371.519 lateness_ms=11.667
CALLBACK index=20 region=20 samples=16384 interval_ms=371.948 playable_ms=371.519 lateness_ms=0.429
CALLBACK index=21 region=21 samples=16384 interval_ms=360.958 playable_ms=371.519 lateness_ms=0.000
CALLBACK index=22 region=22 samples=16384 interval_ms=358.713 playable_ms=371.519 lateness_ms=0.000
CALLBACK index=23 region=23 samples=16384 interval_ms=374.972 playable_ms=371.519 lateness_ms=3.453
CALLBACK index=24 region=24 samples=16384 interval_ms=332.642 playable_ms=371.519 lateness_ms=0.000
QUALITY max_abs=0.135429204 rmse=0.0169802097 cosine=0.999688334 SNR=32.05 samples=409600 pass=PASS
REGION_STATS median_ms=366.276 p90_ms=392.671 worst_ms=447.004 cv=0.0708
CALLBACK_STATS median_ms=366.293 p90_ms=392.686 worst_ms=447.018 cv=0.0708
STREAM_FINAL frames=32 regions=25 bucket=32 callbacks=25 aggregate_ms=9241.206 cpu_ms=34587.811 audio_ms=9287.982 aggregate_RTF=0.994964 cpu_RTF=3.723932 average_cores=3.743 worst_RTF=1.203178 first_region_ms=350.569 deadline_misses=9 max_lateness_ms=75.499 realtime_pass=FAIL checksum=87bd6782c62a3fa0 finite=PASS quality_pass=PASS
