REGION index=0 latency_ms=352.366
REGION index=1 latency_ms=408.629
REGION index=2 latency_ms=369.416
REGION index=3 latency_ms=348.412
REGION index=4 latency_ms=346.688
REGION index=5 latency_ms=353.500
REGION index=6 latency_ms=359.162
REGION index=7 latency_ms=345.046
REGION index=8 latency_ms=356.829
REGION index=9 latency_ms=365.305
REGION index=10 latency_ms=425.670
REGION index=11 latency_ms=391.026
REGION index=12 latency_ms=348.711
REGION index=13 latency_ms=363.437
REGION index=14 latency_ms=350.834
REGION index=15 latency_ms=365.255
REGION index=16 latency_ms=357.830
REGION index=17 latency_ms=350.597
REGION index=18 latency_ms=413.489
REGION index=19 latency_ms=376.003
REGION index=20 latency_ms=342.387
REGION index=21 latency_ms=348.425
REGION index=22 latency_ms=353.686
REGION index=23 latency_ms=354.004
REGION index=24 latency_ms=353.118
CALLBACK index=0 region=0 samples=16384 interval_ms=352.358 playable_ms=371.519 lateness_ms=0.000
CALLBACK index=1 region=1 samples=16384 interval_ms=408.689 playable_ms=371.519 lateness_ms=37.170
CALLBACK index=2 region=2 samples=16384 interval_ms=369.433 playable_ms=371.519 lateness_ms=0.000
CALLBACK index=3 region=3 samples=16384 interval_ms=348.426 playable_ms=371.519 lateness_ms=0.000
CALLBACK index=4 region=4 samples=16384 interval_ms=346.703 playable_ms=371.519 lateness_ms=0.000
CALLBACK index=5 region=5 samples=16384 interval_ms=353.512 playable_ms=371.519 lateness_ms=0.000
CALLBACK index=6 region=6 samples=16384 interval_ms=359.175 playable_ms=371.519 lateness_ms=0.000
CALLBACK index=7 region=7 samples=16384 interval_ms=345.058 playable_ms=371.519 lateness_ms=0.000
CALLBACK index=8 region=8 samples=16384 interval_ms=356.844 playable_ms=371.519 lateness_ms=0.000
CALLBACK index=9 region=9 samples=16384 interval_ms=365.317 playable_ms=371.519 lateness_ms=0.000
CALLBACK index=10 region=10 samples=16384 interval_ms=425.685 playable_ms=371.519 lateness_ms=54.166
CALLBACK index=11 region=11 samples=16384 interval_ms=391.040 playable_ms=371.519 lateness_ms=19.521
CALLBACK index=12 region=12 samples=16384 interval_ms=348.724 playable_ms=371.519 lateness_ms=0.000
CALLBACK index=13 region=13 samples=16384 interval_ms=363.455 playable_ms=371.519 lateness_ms=0.000
CALLBACK index=14 region=14 samples=16384 interval_ms=350.848 playable_ms=371.519 lateness_ms=0.000
CALLBACK index=15 region=15 samples=16384 interval_ms=365.273 playable_ms=371.519 lateness_ms=0.000
CALLBACK index=16 region=16 samples=16384 interval_ms=357.842 playable_ms=371.519 lateness_ms=0.000
CALLBACK index=17 region=17 samples=16384 interval_ms=350.611 playable_ms=371.519 lateness_ms=0.000
CALLBACK index=18 region=18 samples=16384 interval_ms=413.502 playable_ms=371.519 lateness_ms=41.982
CALLBACK index=19 region=19 samples=16384 interval_ms=376.017 playable_ms=371.519 lateness_ms=4.498
CALLBACK index=20 region=20 samples=16384 interval_ms=342.400 playable_ms=371.519 lateness_ms=0.000
CALLBACK index=21 region=21 samples=16384 interval_ms=348.438 playable_ms=371.519 lateness_ms=0.000
CALLBACK index=22 region=22 samples=16384 interval_ms=353.698 playable_ms=371.519 lateness_ms=0.000
CALLBACK index=23 region=23 samples=16384 interval_ms=354.025 playable_ms=371.519 lateness_ms=0.000
CALLBACK index=24 region=24 samples=16384 interval_ms=353.132 playable_ms=371.519 lateness_ms=0.000
QUALITY max_abs=0.135429204 rmse=0.0169802097 cosine=0.999688334 SNR=32.05 samples=409600 pass=PASS
REGION_STATS median_ms=354.004 p90_ms=401.588 worst_ms=425.670 cv=0.0603
CALLBACK_STATS median_ms=354.025 p90_ms=401.630 worst_ms=425.685 cv=0.0603
STREAM_FINAL frames=32 regions=25 bucket=32 callbacks=25 aggregate_ms=9100.227 cpu_ms=34395.073 audio_ms=9287.982 aggregate_RTF=0.979785 cpu_RTF=3.703180 average_cores=3.780 worst_RTF=1.145756 first_region_ms=352.366 deadline_misses=5 max_lateness_ms=54.166 realtime_pass=FAIL checksum=87bd6782c62a3fa0 finite=PASS quality_pass=PASS
