REGION index=0 latency_ms=489.946
REGION index=1 latency_ms=474.474
REGION index=2 latency_ms=448.305
REGION index=3 latency_ms=476.746
REGION index=4 latency_ms=428.967
REGION index=5 latency_ms=471.900
REGION index=6 latency_ms=439.860
REGION index=7 latency_ms=414.084
REGION index=8 latency_ms=406.241
REGION index=9 latency_ms=375.804
REGION index=10 latency_ms=371.057
REGION index=11 latency_ms=376.971
REGION index=12 latency_ms=376.721
REGION index=13 latency_ms=433.330
REGION index=14 latency_ms=403.766
REGION index=15 latency_ms=392.170
REGION index=16 latency_ms=400.093
REGION index=17 latency_ms=365.436
REGION index=18 latency_ms=368.913
REGION index=19 latency_ms=380.555
REGION index=20 latency_ms=390.968
REGION index=21 latency_ms=460.013
REGION index=22 latency_ms=399.984
REGION index=23 latency_ms=408.300
REGION index=24 latency_ms=439.105
CALLBACK index=0 region=0 samples=16384 interval_ms=489.937 playable_ms=371.519 lateness_ms=118.418
CALLBACK index=1 region=1 samples=16384 interval_ms=474.576 playable_ms=371.519 lateness_ms=103.057
CALLBACK index=2 region=2 samples=16384 interval_ms=448.324 playable_ms=371.519 lateness_ms=76.805
CALLBACK index=3 region=3 samples=16384 interval_ms=476.762 playable_ms=371.519 lateness_ms=105.242
CALLBACK index=4 region=4 samples=16384 interval_ms=428.986 playable_ms=371.519 lateness_ms=57.466
CALLBACK index=5 region=5 samples=16384 interval_ms=471.913 playable_ms=371.519 lateness_ms=100.394
CALLBACK index=6 region=6 samples=16384 interval_ms=439.880 playable_ms=371.519 lateness_ms=68.361
CALLBACK index=7 region=7 samples=16384 interval_ms=414.102 playable_ms=371.519 lateness_ms=42.583
CALLBACK index=8 region=8 samples=16384 interval_ms=406.255 playable_ms=371.519 lateness_ms=34.736
CALLBACK index=9 region=9 samples=16384 interval_ms=375.819 playable_ms=371.519 lateness_ms=4.300
CALLBACK index=10 region=10 samples=16384 interval_ms=371.073 playable_ms=371.519 lateness_ms=0.000
CALLBACK index=11 region=11 samples=16384 interval_ms=376.986 playable_ms=371.519 lateness_ms=5.466
CALLBACK index=12 region=12 samples=16384 interval_ms=376.735 playable_ms=371.519 lateness_ms=5.215
CALLBACK index=13 region=13 samples=16384 interval_ms=433.344 playable_ms=371.519 lateness_ms=61.824
CALLBACK index=14 region=14 samples=16384 interval_ms=403.781 playable_ms=371.519 lateness_ms=32.261
CALLBACK index=15 region=15 samples=16384 interval_ms=392.184 playable_ms=371.519 lateness_ms=20.665
CALLBACK index=16 region=16 samples=16384 interval_ms=400.109 playable_ms=371.519 lateness_ms=28.589
CALLBACK index=17 region=17 samples=16384 interval_ms=365.447 playable_ms=371.519 lateness_ms=0.000
CALLBACK index=18 region=18 samples=16384 interval_ms=368.924 playable_ms=371.519 lateness_ms=0.000
CALLBACK index=19 region=19 samples=16384 interval_ms=380.589 playable_ms=371.519 lateness_ms=9.070
CALLBACK index=20 region=20 samples=16384 interval_ms=390.988 playable_ms=371.519 lateness_ms=19.468
CALLBACK index=21 region=21 samples=16384 interval_ms=460.025 playable_ms=371.519 lateness_ms=88.506
CALLBACK index=22 region=22 samples=16384 interval_ms=400.001 playable_ms=371.519 lateness_ms=28.481
CALLBACK index=23 region=23 samples=16384 interval_ms=408.317 playable_ms=371.519 lateness_ms=36.798
CALLBACK index=24 region=24 samples=16384 interval_ms=439.123 playable_ms=371.519 lateness_ms=67.604
QUALITY max_abs=0.0820372254 rmse=0.0080192522 cosine=0.999930488 SNR=38.57 samples=409600 pass=PASS
REGION_STATS median_ms=406.241 p90_ms=473.444 worst_ms=489.946 cv=0.0900
CALLBACK_STATS median_ms=406.255 p90_ms=473.511 worst_ms=489.937 cv=0.0900
STREAM_FINAL frames=32 regions=25 bucket=32 callbacks=25 aggregate_ms=10394.209 cpu_ms=39037.824 audio_ms=9287.982 aggregate_RTF=1.119103 cpu_RTF=4.203047 average_cores=3.756 worst_RTF=1.318764 first_region_ms=489.946 deadline_misses=22 max_lateness_ms=118.418 realtime_pass=FAIL checksum=adde626eb4395d74 finite=PASS quality_pass=PASS
