REGION index=0 latency_ms=517.750
REGION index=1 latency_ms=560.185
REGION index=2 latency_ms=571.791
REGION index=3 latency_ms=581.996
REGION index=4 latency_ms=611.761
REGION index=5 latency_ms=540.764
REGION index=6 latency_ms=509.146
REGION index=7 latency_ms=490.687
REGION index=8 latency_ms=482.560
REGION index=9 latency_ms=472.246
REGION index=10 latency_ms=577.390
REGION index=11 latency_ms=525.211
REGION index=12 latency_ms=533.278
REGION index=13 latency_ms=503.942
REGION index=14 latency_ms=453.461
REGION index=15 latency_ms=495.350
REGION index=16 latency_ms=465.752
REGION index=17 latency_ms=456.884
REGION index=18 latency_ms=459.944
REGION index=19 latency_ms=449.772
REGION index=20 latency_ms=426.679
REGION index=21 latency_ms=420.077
REGION index=22 latency_ms=496.507
REGION index=23 latency_ms=454.029
REGION index=24 latency_ms=407.362
CALLBACK index=0 region=0 samples=16384 interval_ms=517.742 playable_ms=371.519 lateness_ms=146.223
CALLBACK index=1 region=1 samples=16384 interval_ms=560.246 playable_ms=371.519 lateness_ms=188.726
CALLBACK index=2 region=2 samples=16384 interval_ms=571.808 playable_ms=371.519 lateness_ms=200.288
CALLBACK index=3 region=3 samples=16384 interval_ms=582.012 playable_ms=371.519 lateness_ms=210.493
CALLBACK index=4 region=4 samples=16384 interval_ms=611.779 playable_ms=371.519 lateness_ms=240.260
CALLBACK index=5 region=5 samples=16384 interval_ms=540.786 playable_ms=371.519 lateness_ms=169.267
CALLBACK index=6 region=6 samples=16384 interval_ms=509.160 playable_ms=371.519 lateness_ms=137.640
CALLBACK index=7 region=7 samples=16384 interval_ms=490.706 playable_ms=371.519 lateness_ms=119.187
CALLBACK index=8 region=8 samples=16384 interval_ms=482.576 playable_ms=371.519 lateness_ms=111.057
CALLBACK index=9 region=9 samples=16384 interval_ms=472.264 playable_ms=371.519 lateness_ms=100.745
CALLBACK index=10 region=10 samples=16384 interval_ms=577.410 playable_ms=371.519 lateness_ms=205.890
CALLBACK index=11 region=11 samples=16384 interval_ms=525.232 playable_ms=371.519 lateness_ms=153.713
CALLBACK index=12 region=12 samples=16384 interval_ms=533.295 playable_ms=371.519 lateness_ms=161.776
CALLBACK index=13 region=13 samples=16384 interval_ms=503.959 playable_ms=371.519 lateness_ms=132.439
CALLBACK index=14 region=14 samples=16384 interval_ms=453.476 playable_ms=371.519 lateness_ms=81.957
CALLBACK index=15 region=15 samples=16384 interval_ms=495.366 playable_ms=371.519 lateness_ms=123.846
CALLBACK index=16 region=16 samples=16384 interval_ms=465.771 playable_ms=371.519 lateness_ms=94.252
CALLBACK index=17 region=17 samples=16384 interval_ms=456.901 playable_ms=371.519 lateness_ms=85.382
CALLBACK index=18 region=18 samples=16384 interval_ms=459.958 playable_ms=371.519 lateness_ms=88.438
CALLBACK index=19 region=19 samples=16384 interval_ms=449.787 playable_ms=371.519 lateness_ms=78.267
CALLBACK index=20 region=20 samples=16384 interval_ms=426.694 playable_ms=371.519 lateness_ms=55.175
CALLBACK index=21 region=21 samples=16384 interval_ms=420.092 playable_ms=371.519 lateness_ms=48.573
CALLBACK index=22 region=22 samples=16384 interval_ms=496.520 playable_ms=371.519 lateness_ms=125.001
CALLBACK index=23 region=23 samples=16384 interval_ms=454.044 playable_ms=371.519 lateness_ms=82.525
CALLBACK index=24 region=24 samples=16384 interval_ms=407.376 playable_ms=371.519 lateness_ms=35.856
QUALITY max_abs=0.0820372254 rmse=0.0080192522 cosine=0.999930488 SNR=38.57 samples=409600 pass=PASS
REGION_STATS median_ms=495.350 p90_ms=575.150 worst_ms=611.761 cv=0.1067
CALLBACK_STATS median_ms=495.366 p90_ms=575.169 worst_ms=611.779 cv=0.1067
STREAM_FINAL frames=32 regions=25 bucket=32 callbacks=25 aggregate_ms=12464.984 cpu_ms=46181.002 audio_ms=9287.982 aggregate_RTF=1.342055 cpu_RTF=4.972124 average_cores=3.705 worst_RTF=1.646647 first_region_ms=517.750 deadline_misses=25 max_lateness_ms=240.260 realtime_pass=FAIL checksum=adde626eb4395d74 finite=PASS quality_pass=PASS
