REGION index=0 latency_ms=446.253
REGION index=1 latency_ms=497.574
REGION index=2 latency_ms=495.598
REGION index=3 latency_ms=503.284
REGION index=4 latency_ms=457.833
REGION index=5 latency_ms=471.164
REGION index=6 latency_ms=477.016
REGION index=7 latency_ms=541.363
REGION index=8 latency_ms=468.239
REGION index=9 latency_ms=428.545
REGION index=10 latency_ms=421.788
REGION index=11 latency_ms=409.981
REGION index=12 latency_ms=401.157
REGION index=13 latency_ms=399.146
REGION index=14 latency_ms=444.183
REGION index=15 latency_ms=396.538
REGION index=16 latency_ms=392.041
REGION index=17 latency_ms=380.518
REGION index=18 latency_ms=367.683
REGION index=19 latency_ms=376.618
REGION index=20 latency_ms=359.792
REGION index=21 latency_ms=356.730
REGION index=22 latency_ms=415.445
REGION index=23 latency_ms=391.679
REGION index=24 latency_ms=409.806
CALLBACK index=0 region=0 samples=16384 interval_ms=446.245 playable_ms=371.519 lateness_ms=74.725
CALLBACK index=1 region=1 samples=16384 interval_ms=497.623 playable_ms=371.519 lateness_ms=126.104
CALLBACK index=2 region=2 samples=16384 interval_ms=495.617 playable_ms=371.519 lateness_ms=124.097
CALLBACK index=3 region=3 samples=16384 interval_ms=503.298 playable_ms=371.519 lateness_ms=131.779
CALLBACK index=4 region=4 samples=16384 interval_ms=457.854 playable_ms=371.519 lateness_ms=86.335
CALLBACK index=5 region=5 samples=16384 interval_ms=471.184 playable_ms=371.519 lateness_ms=99.665
CALLBACK index=6 region=6 samples=16384 interval_ms=477.030 playable_ms=371.519 lateness_ms=105.511
CALLBACK index=7 region=7 samples=16384 interval_ms=541.381 playable_ms=371.519 lateness_ms=169.862
CALLBACK index=8 region=8 samples=16384 interval_ms=468.256 playable_ms=371.519 lateness_ms=96.737
CALLBACK index=9 region=9 samples=16384 interval_ms=428.559 playable_ms=371.519 lateness_ms=57.040
CALLBACK index=10 region=10 samples=16384 interval_ms=421.800 playable_ms=371.519 lateness_ms=50.280
CALLBACK index=11 region=11 samples=16384 interval_ms=409.996 playable_ms=371.519 lateness_ms=38.477
CALLBACK index=12 region=12 samples=16384 interval_ms=401.173 playable_ms=371.519 lateness_ms=29.654
CALLBACK index=13 region=13 samples=16384 interval_ms=399.161 playable_ms=371.519 lateness_ms=27.641
CALLBACK index=14 region=14 samples=16384 interval_ms=444.196 playable_ms=371.519 lateness_ms=72.677
CALLBACK index=15 region=15 samples=16384 interval_ms=396.554 playable_ms=371.519 lateness_ms=25.034
CALLBACK index=16 region=16 samples=16384 interval_ms=392.055 playable_ms=371.519 lateness_ms=20.535
CALLBACK index=17 region=17 samples=16384 interval_ms=380.531 playable_ms=371.519 lateness_ms=9.012
CALLBACK index=18 region=18 samples=16384 interval_ms=367.698 playable_ms=371.519 lateness_ms=0.000
CALLBACK index=19 region=19 samples=16384 interval_ms=376.634 playable_ms=371.519 lateness_ms=5.115
CALLBACK index=20 region=20 samples=16384 interval_ms=359.807 playable_ms=371.519 lateness_ms=0.000
CALLBACK index=21 region=21 samples=16384 interval_ms=356.745 playable_ms=371.519 lateness_ms=0.000
CALLBACK index=22 region=22 samples=16384 interval_ms=415.461 playable_ms=371.519 lateness_ms=43.942
CALLBACK index=23 region=23 samples=16384 interval_ms=391.692 playable_ms=371.519 lateness_ms=20.173
CALLBACK index=24 region=24 samples=16384 interval_ms=409.820 playable_ms=371.519 lateness_ms=38.300
QUALITY max_abs=0.135429204 rmse=0.0169802097 cosine=0.999688334 SNR=32.05 samples=409600 pass=PASS
REGION_STATS median_ms=415.445 p90_ms=496.784 worst_ms=541.363 cv=0.1139
CALLBACK_STATS median_ms=415.461 p90_ms=496.821 worst_ms=541.381 cv=0.1139
STREAM_FINAL frames=32 regions=25 bucket=32 callbacks=25 aggregate_ms=10710.388 cpu_ms=38753.682 audio_ms=9287.982 aggregate_RTF=1.153145 cpu_RTF=4.172455 average_cores=3.618 worst_RTF=1.457160 first_region_ms=446.253 deadline_misses=22 max_lateness_ms=169.862 realtime_pass=FAIL checksum=87bd6782c62a3fa0 finite=PASS quality_pass=PASS
